// Jest Snapshot v1, https://goo.gl/fbAQLP

exports[`Testing AppRouter should match snapshot 1`] = `
<h1>
  Cargando...
</h1>
`;
